<?xml version="1.0" encoding="utf-8"?><testsuites><testsuite name="pytest" errors="0" failures="0" skipped="0" tests="0" time="0.015" timestamp="2023-02-14T10:48:57.322571" hostname="DESKTOP-9D524BI" /></testsuites>